This is pdfTeX, Version 3.141592653-2.6-1.40.27 (MiKTeX 25.4) (preloaded format=pdflatex 2025.5.4)  8 MAY 2025 00:37
entering extended mode
 restricted \write18 enabled.
 %&-line parsing enabled.
**./main.tex
(main.tex
LaTeX2e <2024-11-01> patch level 2
L3 programming layer <2025-03-26>
(/home/rishi/.miktex/texmfs/install/tex/latex/base/report.cls
Document Class: report 2024/06/29 v1.4n Standard LaTeX document class
(/home/rishi/.miktex/texmfs/install/tex/latex/base/size12.clo
File: size12.clo 2024/06/29 v1.4n Standard LaTeX file (size option)
)
\c@part=\count197
\c@chapter=\count198
\c@section=\count199
\c@subsection=\count266
\c@subsubsection=\count267
\c@paragraph=\count268
\c@subparagraph=\count269
\c@figure=\count270
\c@table=\count271
\abovecaptionskip=\skip49
\belowcaptionskip=\skip50
\bibindent=\dimen146
)
(/home/rishi/.miktex/texmfs/install/tex/latex/base/inputenc.sty
Package: inputenc 2024/02/08 v1.3d Input encoding file
\inpenc@prehook=\toks17
\inpenc@posthook=\toks18
)
(/home/rishi/.miktex/texmfs/install/tex/generic/babel/babel.sty
Package: babel 2025/03/27 v25.6 The multilingual framework for pdfLaTeX, LuaLaT
eX and XeLaTeX
\babel@savecnt=\count272
\U@D=\dimen147
\l@unhyphenated=\language79

(/home/rishi/.miktex/texmfs/install/tex/generic/babel/txtbabel.def)
\bbl@readstream=\read2
\bbl@dirlevel=\count273

*************************************
* Local config file bblopts.cfg used
*
(/home/rishi/.miktex/texmfs/install/tex/latex/arabi/bblopts.cfg
File: bblopts.cfg 2005/09/08 v0.1 add Arabic and Farsi to "declared" options of
 babel
)
(/home/rishi/.miktex/texmfs/install/tex/latex/babel-english/english.ldf
Language: english 2017/06/06 v3.3r English support from the babel system
Package babel Info: Hyphen rules for 'canadian' set to \l@english
(babel)             (\language0). Reported on input line 102.
Package babel Info: Hyphen rules for 'australian' set to \l@ukenglish
(babel)             (\language73). Reported on input line 105.
Package babel Info: Hyphen rules for 'newzealand' set to \l@ukenglish
(babel)             (\language73). Reported on input line 108.
))
(/home/rishi/.miktex/texmfs/install/tex/generic/babel/locale/en/babel-english.t
ex
Package babel Info: Importing font and identification data for english
(babel)             from babel-en.ini. Reported on input line 11.
) (/home/rishi/.miktex/texmfs/install/tex/latex/graphics/graphicx.sty
Package: graphicx 2021/09/16 v1.2d Enhanced LaTeX Graphics (DPC,SPQR)

(/home/rishi/.miktex/texmfs/install/tex/latex/graphics/keyval.sty
Package: keyval 2022/05/29 v1.15 key=value parser (DPC)
\KV@toks@=\toks19
)
(/home/rishi/.miktex/texmfs/install/tex/latex/graphics/graphics.sty
Package: graphics 2024/08/06 v1.4g Standard LaTeX Graphics (DPC,SPQR)

(/home/rishi/.miktex/texmfs/install/tex/latex/graphics/trig.sty
Package: trig 2023/12/02 v1.11 sin cos tan (DPC)
)
(/home/rishi/.miktex/texmfs/install/tex/latex/graphics-cfg/graphics.cfg
File: graphics.cfg 2016/06/04 v1.11 sample graphics configuration
)
Package graphics Info: Driver file: pdftex.def on input line 106.

(/home/rishi/.miktex/texmfs/install/tex/latex/graphics-def/pdftex.def
File: pdftex.def 2024/04/13 v1.2c Graphics/color driver for pdftex
))
\Gin@req@height=\dimen148
\Gin@req@width=\dimen149
)
(/home/rishi/.miktex/texmfs/install/tex/latex/amsmath/amsmath.sty
Package: amsmath 2024/11/05 v2.17t AMS math features
\@mathmargin=\skip51

For additional information on amsmath, use the `?' option.
(/home/rishi/.miktex/texmfs/install/tex/latex/amsmath/amstext.sty
Package: amstext 2021/08/26 v2.01 AMS text

(/home/rishi/.miktex/texmfs/install/tex/latex/amsmath/amsgen.sty
File: amsgen.sty 1999/11/30 v2.0 generic functions
\@emptytoks=\toks20
\ex@=\dimen150
))
(/home/rishi/.miktex/texmfs/install/tex/latex/amsmath/amsbsy.sty
Package: amsbsy 1999/11/29 v1.2d Bold Symbols
\pmbraise@=\dimen151
)
(/home/rishi/.miktex/texmfs/install/tex/latex/amsmath/amsopn.sty
Package: amsopn 2022/04/08 v2.04 operator names
)
\inf@bad=\count274
LaTeX Info: Redefining \frac on input line 233.
\uproot@=\count275
\leftroot@=\count276
LaTeX Info: Redefining \overline on input line 398.
LaTeX Info: Redefining \colon on input line 409.
\classnum@=\count277
\DOTSCASE@=\count278
LaTeX Info: Redefining \ldots on input line 495.
LaTeX Info: Redefining \dots on input line 498.
LaTeX Info: Redefining \cdots on input line 619.
\Mathstrutbox@=\box53
\strutbox@=\box54
LaTeX Info: Redefining \big on input line 721.
LaTeX Info: Redefining \Big on input line 722.
LaTeX Info: Redefining \bigg on input line 723.
LaTeX Info: Redefining \Bigg on input line 724.
\big@size=\dimen152
LaTeX Font Info:    Redeclaring font encoding OML on input line 742.
LaTeX Font Info:    Redeclaring font encoding OMS on input line 743.
\macc@depth=\count279
LaTeX Info: Redefining \bmod on input line 904.
LaTeX Info: Redefining \pmod on input line 909.
LaTeX Info: Redefining \smash on input line 939.
LaTeX Info: Redefining \relbar on input line 969.
LaTeX Info: Redefining \Relbar on input line 970.
\c@MaxMatrixCols=\count280
\dotsspace@=\muskip17
\c@parentequation=\count281
\dspbrk@lvl=\count282
\tag@help=\toks21
\row@=\count283
\column@=\count284
\maxfields@=\count285
\andhelp@=\toks22
\eqnshift@=\dimen153
\alignsep@=\dimen154
\tagshift@=\dimen155
\tagwidth@=\dimen156
\totwidth@=\dimen157
\lineht@=\dimen158
\@envbody=\toks23
\multlinegap=\skip52
\multlinetaggap=\skip53
\mathdisplay@stack=\toks24
LaTeX Info: Redefining \[ on input line 2953.
LaTeX Info: Redefining \] on input line 2954.
)
(/home/rishi/.miktex/texmfs/install/tex/latex/amsfonts/amssymb.sty
Package: amssymb 2013/01/14 v3.01 AMS font symbols

(/home/rishi/.miktex/texmfs/install/tex/latex/amsfonts/amsfonts.sty
Package: amsfonts 2013/01/14 v3.01 Basic AMSFonts support
\symAMSa=\mathgroup4
\symAMSb=\mathgroup5
LaTeX Font Info:    Redeclaring math symbol \hbar on input line 98.
LaTeX Font Info:    Overwriting math alphabet `\mathfrak' in version `bold'
(Font)                  U/euf/m/n --> U/euf/b/n on input line 106.
))
(/home/rishi/.miktex/texmfs/install/tex/latex/listings/listings.sty
\lst@mode=\count286
\lst@gtempboxa=\box55
\lst@token=\toks25
\lst@length=\count287
\lst@currlwidth=\dimen159
\lst@column=\count288
\lst@pos=\count289
\lst@lostspace=\dimen160
\lst@width=\dimen161
\lst@newlines=\count290
\lst@lineno=\count291
\lst@maxwidth=\dimen162

(/home/rishi/.miktex/texmfs/install/tex/latex/listings/lstpatch.sty
File: lstpatch.sty 2024/09/23 1.10c (Carsten Heinz)
)
(/home/rishi/.miktex/texmfs/install/tex/latex/listings/lstmisc.sty
File: lstmisc.sty 2024/09/23 1.10c (Carsten Heinz)
\c@lstnumber=\count292
\lst@skipnumbers=\count293
\lst@framebox=\box56
)
(/home/rishi/.miktex/texmfs/install/tex/latex/listings/listings.cfg
File: listings.cfg 2024/09/23 1.10c listings configuration
))
Package: listings 2024/09/23 1.10c (Carsten Heinz)

(/home/rishi/.miktex/texmfs/install/tex/latex/graphics/color.sty
Package: color 2024/06/23 v1.3e Standard LaTeX Color (DPC)

(/home/rishi/.miktex/texmfs/install/tex/latex/graphics-cfg/color.cfg
File: color.cfg 2016/01/02 v1.6 sample color configuration
)
Package color Info: Driver file: pdftex.def on input line 149.

(/home/rishi/.miktex/texmfs/install/tex/latex/graphics/mathcolor.ltx))
(/home/rishi/.miktex/texmfs/install/tex/latex/hyperref/hyperref.sty
Package: hyperref 2024-11-05 v7.01l Hypertext links for LaTeX

(/home/rishi/.miktex/texmfs/install/tex/generic/iftex/iftex.sty
Package: iftex 2024/12/12 v1.0g TeX engine tests
)
(/home/rishi/.miktex/texmfs/install/tex/latex/kvsetkeys/kvsetkeys.sty
Package: kvsetkeys 2022-10-05 v1.19 Key value parser (HO)
)
(/home/rishi/.miktex/texmfs/install/tex/generic/kvdefinekeys/kvdefinekeys.sty
Package: kvdefinekeys 2019-12-19 v1.6 Define keys (HO)
)
(/home/rishi/.miktex/texmfs/install/tex/generic/pdfescape/pdfescape.sty
Package: pdfescape 2019/12/09 v1.15 Implements pdfTeX's escape features (HO)

(/home/rishi/.miktex/texmfs/install/tex/generic/ltxcmds/ltxcmds.sty
Package: ltxcmds 2023-12-04 v1.26 LaTeX kernel commands for general use (HO)
)
(/home/rishi/.miktex/texmfs/install/tex/generic/pdftexcmds/pdftexcmds.sty
Package: pdftexcmds 2020-06-27 v0.33 Utility functions of pdfTeX for LuaTeX (HO
)

(/home/rishi/.miktex/texmfs/install/tex/generic/infwarerr/infwarerr.sty
Package: infwarerr 2019/12/03 v1.5 Providing info/warning/error messages (HO)
)
Package pdftexcmds Info: \pdf@primitive is available.
Package pdftexcmds Info: \pdf@ifprimitive is available.
Package pdftexcmds Info: \pdfdraftmode found.
))
(/home/rishi/.miktex/texmfs/install/tex/latex/hycolor/hycolor.sty
Package: hycolor 2020-01-27 v1.10 Color options for hyperref/bookmark (HO)
)
(/home/rishi/.miktex/texmfs/install/tex/latex/hyperref/nameref.sty
Package: nameref 2023-11-26 v2.56 Cross-referencing by name of section

(/home/rishi/.miktex/texmfs/install/tex/latex/refcount/refcount.sty
Package: refcount 2019/12/15 v3.6 Data extraction from label references (HO)
)
(/home/rishi/.miktex/texmfs/install/tex/generic/gettitlestring/gettitlestring.s
ty
Package: gettitlestring 2019/12/15 v1.6 Cleanup title references (HO)
 (/home/rishi/.miktex/texmfs/install/tex/latex/kvoptions/kvoptions.sty
Package: kvoptions 2022-06-15 v3.15 Key value format for package options (HO)
))
\c@section@level=\count294
)
(/home/rishi/.miktex/texmfs/install/tex/latex/etoolbox/etoolbox.sty
Package: etoolbox 2025/02/11 v2.5l e-TeX tools for LaTeX (JAW)
\etb@tempcnta=\count295
)
(/home/rishi/.miktex/texmfs/install/tex/generic/stringenc/stringenc.sty
Package: stringenc 2019/11/29 v1.12 Convert strings between diff. encodings (HO
)
)
\@linkdim=\dimen163
\Hy@linkcounter=\count296
\Hy@pagecounter=\count297

(/home/rishi/.miktex/texmfs/install/tex/latex/hyperref/pd1enc.def
File: pd1enc.def 2024-11-05 v7.01l Hyperref: PDFDocEncoding definition (HO)
Now handling font encoding PD1 ...
... no UTF-8 mapping file for font encoding PD1
)
(/home/rishi/.miktex/texmfs/install/tex/generic/intcalc/intcalc.sty
Package: intcalc 2019/12/15 v1.3 Expandable calculations with integers (HO)
)
\Hy@SavedSpaceFactor=\count298

(/home/rishi/.miktex/texmfs/install/tex/latex/hyperref/puenc.def
File: puenc.def 2024-11-05 v7.01l Hyperref: PDF Unicode definition (HO)
Now handling font encoding PU ...
... no UTF-8 mapping file for font encoding PU
)
Package hyperref Info: Hyper figures OFF on input line 4157.
Package hyperref Info: Link nesting OFF on input line 4162.
Package hyperref Info: Hyper index ON on input line 4165.
Package hyperref Info: Plain pages OFF on input line 4172.
Package hyperref Info: Backreferencing OFF on input line 4177.
Package hyperref Info: Implicit mode ON; LaTeX internals redefined.
Package hyperref Info: Bookmarks ON on input line 4424.
\c@Hy@tempcnt=\count299

(/home/rishi/.miktex/texmfs/install/tex/latex/url/url.sty
\Urlmuskip=\muskip18
Package: url 2013/09/16  ver 3.4  Verb mode for urls, etc.
)
LaTeX Info: Redefining \url on input line 4763.
\XeTeXLinkMargin=\dimen164

(/home/rishi/.miktex/texmfs/install/tex/generic/bitset/bitset.sty
Package: bitset 2019/12/09 v1.3 Handle bit-vector datatype (HO)

(/home/rishi/.miktex/texmfs/install/tex/generic/bigintcalc/bigintcalc.sty
Package: bigintcalc 2019/12/15 v1.5 Expandable calculations on big integers (HO
)
))
\Fld@menulength=\count300
\Field@Width=\dimen165
\Fld@charsize=\dimen166
Package hyperref Info: Hyper figures OFF on input line 6042.
Package hyperref Info: Link nesting OFF on input line 6047.
Package hyperref Info: Hyper index ON on input line 6050.
Package hyperref Info: backreferencing OFF on input line 6057.
Package hyperref Info: Link coloring OFF on input line 6062.
Package hyperref Info: Link coloring with OCG OFF on input line 6067.
Package hyperref Info: PDF/A mode OFF on input line 6072.

(/home/rishi/.miktex/texmfs/install/tex/latex/base/atbegshi-ltx.sty
Package: atbegshi-ltx 2021/01/10 v1.0c Emulation of the original atbegshi
package with kernel methods
)
\Hy@abspage=\count301
\c@Item=\count302
\c@Hfootnote=\count303
)
Package hyperref Info: Driver (autodetected): hpdftex.

(/home/rishi/.miktex/texmfs/install/tex/latex/hyperref/hpdftex.def
File: hpdftex.def 2024-11-05 v7.01l Hyperref driver for pdfTeX

(/home/rishi/.miktex/texmfs/install/tex/latex/base/atveryend-ltx.sty
Package: atveryend-ltx 2020/08/19 v1.0a Emulation of the original atveryend pac
kage
with kernel methods
)
\Fld@listcount=\count304
\c@bookmark@seq@number=\count305

(/home/rishi/.miktex/texmfs/install/tex/latex/rerunfilecheck/rerunfilecheck.sty
Package: rerunfilecheck 2022-07-10 v1.10 Rerun checks for auxiliary files (HO)

(/home/rishi/.miktex/texmfs/install/tex/generic/uniquecounter/uniquecounter.sty
Package: uniquecounter 2019/12/15 v1.4 Provide unlimited unique counter (HO)
)
Package uniquecounter Info: New unique counter `rerunfilecheck' on input line 2
85.
)
\Hy@SectionHShift=\skip54
) (/home/rishi/.miktex/texmfs/install/tex/latex/float/float.sty
Package: float 2001/11/08 v1.3d Float enhancements (AL)
\c@float@type=\count306
\float@exts=\toks26
\float@box=\box57
\@float@everytoks=\toks27
\@floatcapt=\box58
)
(/home/rishi/.miktex/texmfs/install/tex/latex/booktabs/booktabs.sty
Package: booktabs 2020/01/12 v1.61803398 Publication quality tables
\heavyrulewidth=\dimen167
\lightrulewidth=\dimen168
\cmidrulewidth=\dimen169
\belowrulesep=\dimen170
\belowbottomsep=\dimen171
\aboverulesep=\dimen172
\abovetopsep=\dimen173
\cmidrulesep=\dimen174
\cmidrulekern=\dimen175
\defaultaddspace=\dimen176
\@cmidla=\count307
\@cmidlb=\count308
\@aboverulesep=\dimen177
\@belowrulesep=\dimen178
\@thisruleclass=\count309
\@lastruleclass=\count310
\@thisrulewidth=\dimen179
)
(/home/rishi/.miktex/texmfs/install/tex/latex/tools/tabularx.sty
Package: tabularx 2023/12/11 v2.12a `tabularx' package (DPC)

(/home/rishi/.miktex/texmfs/install/tex/latex/tools/array.sty
Package: array 2024/10/17 v2.6g Tabular extension package (FMi)
\col@sep=\dimen180
\ar@mcellbox=\box59
\extrarowheight=\dimen181
\NC@list=\toks28
\extratabsurround=\skip55
\backup@length=\skip56
\ar@cellbox=\box60
)
\TX@col@width=\dimen182
\TX@old@table=\dimen183
\TX@old@col=\dimen184
\TX@target=\dimen185
\TX@delta=\dimen186
\TX@cols=\count311
\TX@ftn=\toks29
)
(/home/rishi/.miktex/texmfs/install/tex/latex/fancyhdr/fancyhdr.sty
Package: fancyhdr 2025/02/07 v5.2 Extensive control of page headers and footers

\f@nch@headwidth=\skip57
\f@nch@offset@elh=\skip58
\f@nch@offset@erh=\skip59
\f@nch@offset@olh=\skip60
\f@nch@offset@orh=\skip61
\f@nch@offset@elf=\skip62
\f@nch@offset@erf=\skip63
\f@nch@offset@olf=\skip64
\f@nch@offset@orf=\skip65
\f@nch@height=\skip66
\f@nch@footalignment=\skip67
\f@nch@widthL=\skip68
\f@nch@widthC=\skip69
\f@nch@widthR=\skip70
\@temptokenb=\toks30
)
(/home/rishi/.miktex/texmfs/install/tex/latex/titlesec/titlesec.sty
Package: titlesec 2025/01/04 v2.17 Sectioning titles
\ttl@box=\box61
\beforetitleunit=\skip71
\aftertitleunit=\skip72
\ttl@plus=\dimen187
\ttl@minus=\dimen188
\ttl@toksa=\toks31
\titlewidth=\dimen189
\titlewidthlast=\dimen190
\titlewidthfirst=\dimen191
)
(/home/rishi/.miktex/texmfs/install/tex/latex/xcolor/xcolor.sty
Package: xcolor 2024/09/29 v3.02 LaTeX color extensions (UK)

(/home/rishi/.miktex/texmfs/install/tex/latex/graphics-cfg/color.cfg
File: color.cfg 2016/01/02 v1.6 sample color configuration
)
Package xcolor Info: Driver file: pdftex.def on input line 274.
LaTeX Info: Redefining \color on input line 762.

(/home/rishi/.miktex/texmfs/install/tex/latex/graphics/mathcolor.ltx)
Package xcolor Info: Model `cmy' substituted by `cmy0' on input line 1349.
Package xcolor Info: Model `hsb' substituted by `rgb' on input line 1353.
Package xcolor Info: Model `RGB' extended on input line 1365.
Package xcolor Info: Model `HTML' substituted by `rgb' on input line 1367.
Package xcolor Info: Model `Hsb' substituted by `hsb' on input line 1368.
Package xcolor Info: Model `tHsb' substituted by `hsb' on input line 1369.
Package xcolor Info: Model `HSB' substituted by `hsb' on input line 1370.
Package xcolor Info: Model `Gray' substituted by `gray' on input line 1371.
Package xcolor Info: Model `wave' substituted by `hsb' on input line 1372.
)
(/home/rishi/.miktex/texmfs/install/tex/latex/base/textcomp.sty
Package: textcomp 2024/04/24 v2.1b Standard LaTeX package
)
(/home/rishi/.miktex/texmfs/install/tex/latex/csquotes/csquotes.sty
Package: csquotes 2024-04-04 v5.2o context-sensitive quotations (JAW)
\csq@reset=\count312
\csq@gtype=\count313
\csq@glevel=\count314
\csq@qlevel=\count315
\csq@maxlvl=\count316
\csq@tshold=\count317
\csq@ltx@everypar=\toks32

(/home/rishi/.miktex/texmfs/install/tex/latex/csquotes/csquotes.def
File: csquotes.def 2024-04-04 v5.2o csquotes generic definitions (JAW)
)
Package csquotes Info: Trying to load configuration file 'csquotes.cfg'...
Package csquotes Info: ... configuration file loaded successfully.

(/home/rishi/.miktex/texmfs/install/tex/latex/csquotes/csquotes.cfg
File: csquotes.cfg 
))
(/home/rishi/.miktex/texmfs/install/tex/latex/minted/minted.sty
Package: minted 2025/03/06 v3.6.0 Yet another Pygments shim for LaTeX

(/home/rishi/.miktex/texmfs/install/tex/generic/catchfile/catchfile.sty
Package: catchfile 2019/12/09 v1.8 Catch the contents of a file (HO)

(/home/rishi/.miktex/texmfs/install/tex/generic/etexcmds/etexcmds.sty
Package: etexcmds 2019/12/15 v1.7 Avoid name clashes with e-TeX commands (HO)
))
(/home/rishi/.miktex/texmfs/install/tex/latex/fvextra/fvextra.sty
Package: fvextra 2025/03/04 v1.12.0 fvextra - extensions and patches for fancyv
rb

(/home/rishi/.miktex/texmfs/install/tex/latex/fancyvrb/fancyvrb.sty
Package: fancyvrb 2024/01/20 4.5c verbatim text (tvz,hv)
\FV@CodeLineNo=\count318
\FV@InFile=\read3
\FV@TabBox=\box62
\c@FancyVerbLine=\count319
\FV@StepNumber=\count320
\FV@OutFile=\write3
)
(/home/rishi/.miktex/texmfs/install/tex/latex/upquote/upquote.sty
Package: upquote 2012/04/19 v1.3 upright-quote and grave-accent glyphs in verba
tim
)
(/home/rishi/.miktex/texmfs/install/tex/latex/lineno/lineno.sty
Package: lineno 2025/01/29 line numbers on paragraphs v5.4
\linenopenalty=\count321
\output=\toks33
\linenoprevgraf=\count322
\linenumbersep=\dimen192
\linenumberwidth=\dimen193
\c@linenumber=\count323
\c@pagewiselinenumber=\count324
\c@LN@truepage=\count325
\c@internallinenumber=\count326
\c@internallinenumbers=\count327
\quotelinenumbersep=\dimen194
\bframerule=\dimen195
\bframesep=\dimen196
\bframebox=\box63
\@LN@amsmath@ams@eqpen=\count328


LaTeX Warning: Command \@parboxrestore  has changed.
               Check if current package is valid.

LaTeX Info: Redefining \\ on input line 3187.
)

Package fvextra Warning: csquotes should be loaded after fvextra, to avoid a wa
rning from the lineno package on input line 37.

\c@FancyVerbWriteLine=\count329
\c@FancyVerbBufferLine=\count330
\c@FV@TrueTabGroupLevel=\count331
\c@FV@TrueTabCounter=\count332
\FV@TabBox@Group=\box64
\FV@bgcolorstructbox=\box65
\FV@TmpLength=\skip73
\c@FV@HighlightLinesStart=\count333
\c@FV@HighlightLinesStop=\count334
\FV@LoopCount=\count335
\FV@NCharsBox=\box66
\FV@BreakIndent=\dimen197
\FV@BreakIndentNChars=\count336
\FV@BreakSymbolSepLeft=\dimen198
\FV@BreakSymbolSepLeftNChars=\count337
\FV@BreakSymbolSepRight=\dimen199
\FV@BreakSymbolSepRightNChars=\count338
\FV@BreakSymbolIndentLeft=\dimen256
\FV@BreakSymbolIndentLeftNChars=\count339
\FV@BreakSymbolIndentRight=\dimen257
\FV@BreakSymbolIndentRightNChars=\count340
\c@FancyVerbLineBreakLast=\count341
\FV@LineBox=\box67
\FV@LineIndentBox=\box68
\c@FV@BreakBufferDepth=\count342
\FV@LineWidth=\dimen258
) (/home/rishi/.miktex/texmfs/install/tex/latex/latex2pydata/latex2pydata.sty
Package: latex2pydata 2025/03/26 v0.6.0 latex2pydata - write data to file in Py
thon literal format
)
(/home/rishi/.miktex/texmfs/install/tex/latex/pgf/utilities/pgfkeys.sty
(/home/rishi/.miktex/texmfs/install/tex/generic/pgf/utilities/pgfkeys.code.tex
\pgfkeys@pathtoks=\toks34
\pgfkeys@temptoks=\toks35

(/home/rishi/.miktex/texmfs/install/tex/generic/pgf/utilities/pgfkeyslibraryfil
tered.code.tex
\pgfkeys@tmptoks=\toks36
)))
(/home/rishi/.miktex/texmfs/install/tex/latex/pgfopts/pgfopts.sty
Package: pgfopts 2014/07/10 v2.1a LaTeX package options with pgfkeys
\pgfopts@list@add@a@toks=\toks37
\pgfopts@list@add@b@toks=\toks38
)
(/home/rishi/.miktex/texmfs/install/tex/latex/tools/shellesc.sty
Package: shellesc 2023/07/08 v1.0d unified shell escape interface for LaTeX
Package shellesc Info: Restricted shell escape enabled on input line 77.
)
\c@minted@FancyVerbLineTemp=\count343
\@float@every@listing=\toks39
\c@listing=\count344
)
Package csquotes Info: Checking for multilingual support...
Package csquotes Info: ... found 'babel' package.
Package csquotes Info: Adjusting default style.
Package csquotes Info: Redefining alias 'default' -> 'english'.

(/home/rishi/.miktex/texmfs/install/tex/latex/l3backend/l3backend-pdftex.def
File: l3backend-pdftex.def 2025-03-14 L3 backend support: PDF output (pdfTeX)
\l__color_backend_stack_int=\count345
)
(main.aux (chapters/abstract.aux) (chapters/introduction.aux)
(chapters/methodology.aux) (chapters/design.aux) (chapters/implementation.aux)
(chapters/results.aux) (chapters/discussion.aux)
(chapters/future_directions.aux) (chapters/conclusion.aux))
\openout1 = `main.aux'.

LaTeX Font Info:    Checking defaults for OML/cmm/m/it on input line 81.
LaTeX Font Info:    ... okay on input line 81.
LaTeX Font Info:    Checking defaults for OMS/cmsy/m/n on input line 81.
LaTeX Font Info:    ... okay on input line 81.
LaTeX Font Info:    Checking defaults for OT1/cmr/m/n on input line 81.
LaTeX Font Info:    ... okay on input line 81.
LaTeX Font Info:    Checking defaults for T1/cmr/m/n on input line 81.
LaTeX Font Info:    ... okay on input line 81.
LaTeX Font Info:    Checking defaults for TS1/cmr/m/n on input line 81.
LaTeX Font Info:    ... okay on input line 81.
LaTeX Font Info:    Checking defaults for OMX/cmex/m/n on input line 81.
LaTeX Font Info:    ... okay on input line 81.
LaTeX Font Info:    Checking defaults for U/cmr/m/n on input line 81.
LaTeX Font Info:    ... okay on input line 81.
LaTeX Font Info:    Checking defaults for PD1/pdf/m/n on input line 81.
LaTeX Font Info:    ... okay on input line 81.
LaTeX Font Info:    Checking defaults for PU/pdf/m/n on input line 81.
LaTeX Font Info:    ... okay on input line 81.

(/home/rishi/.miktex/texmfs/install/tex/context/base/mkii/supp-pdf.mkii
[Loading MPS to PDF converter (version 2006.09.02).]
\scratchcounter=\count346
\scratchdimen=\dimen259
\scratchbox=\box69
\nofMPsegments=\count347
\nofMParguments=\count348
\everyMPshowfont=\toks40
\MPscratchCnt=\count349
\MPscratchDim=\dimen260
\MPnumerator=\count350
\makeMPintoPDFobject=\count351
\everyMPtoPDFconversion=\toks41
) (/home/rishi/.miktex/texmfs/install/tex/latex/epstopdf-pkg/epstopdf-base.sty
Package: epstopdf-base 2020-01-24 v2.11 Base part for package epstopdf
Package epstopdf-base Info: Redefining graphics rule for `.eps' on input line 4
85.

(/home/rishi/.miktex/texmfs/install/tex/latex/00miktex/epstopdf-sys.cfg
File: epstopdf-sys.cfg 2021/03/18 v2.0 Configuration of epstopdf for MiKTeX
))
\c@lstlisting=\count352
Package hyperref Info: Link coloring OFF on input line 81.

(main.out) (main.out)
\@outlinefile=\write4
\openout4 = `main.out'.



[1

{/home/rishi/.miktex/texmfs/data/fonts/map/pdftex/pdftex.map}] (main.toc
LaTeX Font Info:    Trying to load font information for U+msa on input line 4.

(/home/rishi/.miktex/texmfs/install/tex/latex/amsfonts/umsa.fd
File: umsa.fd 2013/01/14 v3.01 AMS symbols A
)
LaTeX Font Info:    Trying to load font information for U+msb on input line 4.

(/home/rishi/.miktex/texmfs/install/tex/latex/amsfonts/umsb.fd
File: umsb.fd 2013/01/14 v3.01 AMS symbols B
)


pdfTeX warning (ext4): destination with the same identifier (name{page.1}) has 
been already used, duplicate ignored
<to be read again> 
                   \relax 
l.31 ....6}Design Considerations}{17}{section.3.6}
                                                  % [1

]

[2])
\tf@toc=\write5
\openout5 = `main.toc'.



[3] (main.lof
Overfull \hbox (8.28621pt too wide) in paragraph at lines 11--11
 [][] [][]\OT1/cmr/m/n/12 Theoretical time com-plex-ity com-par-i-son be-tween 
Bi-nary Search, 
 []

)
\tf@lof=\write6
\openout6 = `main.lof'.



[4

] (main.lot)
\tf@lot=\write7
\openout7 = `main.lot'.



[5

]

[6

]
\openout2 = `chapters/abstract.aux'.

 (chapters/abstract.tex)

[7


]
\openout2 = `chapters/introduction.aux'.

 (chapters/introduction.tex
Chapter 1.

Overfull \hbox (2.64175pt too wide) in paragraph at lines 3--4
\OT1/cmr/m/n/12 braries, pro-vid-ing ef-fi-cient meth-ods to lo-cate spe-cific 
el-e-ments within datasets.
 []



[8




])

[9]
\openout2 = `chapters/methodology.aux'.

 (chapters/methodology.tex
Chapter 2.


[10




]

[11]
Overfull \hbox (9.12311pt too wide) in paragraph at lines 68--69
[]\OT1/cmr/bx/n/12 Comparisons: \OT1/cmr/m/n/12 Av-er-age num-ber of com-par-is
ons per-formed dur-ing search 
 []



[12])

[13]
\openout2 = `chapters/design.aux'.

 (chapters/design.tex
Chapter 3.

Overfull \hbox (15.71478pt too wide) in paragraph at lines 7--8
\OT1/cmr/m/n/12 brary's broader data man-age-ment frame-work. The li-brary pro-
vides a DataFrame
 []

(/home/rishi/.miktex/texmfs/install/tex/latex/listings/lstlang1.sty
File: lstlang1.sty 2024/09/23 1.10c listings language file
)
(/home/rishi/.miktex/texmfs/install/tex/latex/listings/lstmisc.sty
File: lstmisc.sty 2024/09/23 1.10c (Carsten Heinz)
)
LaTeX Font Info:    Font shape `OT1/cmtt/bx/n' in size <10> not available
(Font)              Font shape `OT1/cmtt/m/n' tried instead on input line 24.


[14




]
Overfull \hbox (10.80139pt too wide) in paragraph at lines 33--34
[]\OT1/cmr/m/n/12 This struc-ture pro-vides a tab-u-lar rep-re-sen-ta-tion of d
ata with typed columns,
 []



[15]

[16])

[17]
\openout2 = `chapters/implementation.aux'.

 (chapters/implementation.tex
Chapter 4.

! LaTeX Error: Command \textquotedbl unavailable in encoding OT1.

See the LaTeX manual or LaTeX Companion for explanation.
Type  H <return>  for immediate help.
 ...                                              
                                                  
l.12         set_error("
                        Invalid parameters for binary search");
Your command was ignored.
Type  I <command> <return>  to replace it with another command,
or  <return>  to continue without it.


! LaTeX Error: Command \textquotedbl unavailable in encoding OT1.

See the LaTeX manual or LaTeX Companion for explanation.
Type  H <return>  for immediate help.
 ...                                              
                                                  
l.12 ...ror("Invalid parameters for binary search"
                                                  );
Your command was ignored.
Type  I <command> <return>  to replace it with another command,
or  <return>  to continue without it.



[18




]

! LaTeX Error: Command \textquotedbl unavailable in encoding OT1.

See the LaTeX manual or LaTeX Companion for explanation.
Type  H <return>  for immediate help.
 ...                                              
                                                  
l.48                 set_error("
                                Unsupported data type for binary search");
Your command was ignored.
Type  I <command> <return>  to replace it with another command,
or  <return>  to continue without it.


! LaTeX Error: Command \textquotedbl unavailable in encoding OT1.

See the LaTeX manual or LaTeX Companion for explanation.
Type  H <return>  for immediate help.
 ...                                              
                                                  
l.48 ...("Unsupported data type for binary search"
                                                  );
Your command was ignored.
Type  I <command> <return>  to replace it with another command,
or  <return>  to continue without it.



[19]

! LaTeX Error: Command \textquotedbl unavailable in encoding OT1.

See the LaTeX manual or LaTeX Companion for explanation.
Type  H <return>  for immediate help.
 ...                                              
                                                  
l.78         set_error("
                        Invalid parameters for jump search");
Your command was ignored.
Type  I <command> <return>  to replace it with another command,
or  <return>  to continue without it.


! LaTeX Error: Command \textquotedbl unavailable in encoding OT1.

See the LaTeX manual or LaTeX Companion for explanation.
Type  H <return>  for immediate help.
 ...                                              
                                                  
l.78 ...error("Invalid parameters for jump search"
                                                  );
Your command was ignored.
Type  I <command> <return>  to replace it with another command,
or  <return>  to continue without it.


! LaTeX Error: Command \textquotedbl unavailable in encoding OT1.

See the LaTeX manual or LaTeX Companion for explanation.
Type  H <return>  for immediate help.
 ...                                              
                                                  
l.114                 set_error("
                                 Unsupported data type for jump search");
Your command was ignored.
Type  I <command> <return>  to replace it with another command,
or  <return>  to continue without it.


! LaTeX Error: Command \textquotedbl unavailable in encoding OT1.

See the LaTeX manual or LaTeX Companion for explanation.
Type  H <return>  for immediate help.
 ...                                              
                                                  
l.114 ...r("Unsupported data type for jump search"
                                                  );
Your command was ignored.
Type  I <command> <return>  to replace it with another command,
or  <return>  to continue without it.



[20]

! LaTeX Error: Command \textquotedbl unavailable in encoding OT1.

See the LaTeX manual or LaTeX Companion for explanation.
Type  H <return>  for immediate help.
 ...                                              
                                                  
l.148     strncpy(metrics.search_type, "
                                        Binary Search", sizeof(metrics.searc...

Your command was ignored.
Type  I <command> <return>  to replace it with another command,
or  <return>  to continue without it.


! LaTeX Error: Command \textquotedbl unavailable in encoding OT1.

See the LaTeX manual or LaTeX Companion for explanation.
Type  H <return>  for immediate help.
 ...                                              
                                                  
l.148 ...ncpy(metrics.search_type, "Binary Search"
                                                  , sizeof(metrics.search_ty...

Your command was ignored.
Type  I <command> <return>  to replace it with another command,
or  <return>  to continue without it.



[21]

[22]

[23])
Overfull \hbox (3.29453pt too wide) in paragraph at lines 234--108
[]\OT1/cmr/m/n/12 These op-ti-miza-tions en-sure the im-ple-men-ta-tion achieve
s per-for-mance close
 []



[24]
\openout2 = `chapters/results.aux'.

 (chapters/results.tex
Chapter 5.
<figures/search_time_comparison.png, id=845, 867.24pt x 578.16pt>
File: figures/search_time_comparison.png Graphic file (type png)
<use figures/search_time_comparison.png>
Package pdftex.def Info: figures/search_time_comparison.png  used on input line
 13.
(pdftex.def)             Requested size: 312.00119pt x 208.00511pt.


[25




]
Overfull \hbox (4.40009pt too wide) in paragraph at lines 18--19
\OT1/cmr/m/n/12 Bi-nary Search demon-strates log-a-rith-mic scal-ing (O(log n))
, while Jump Search
 []

<figures/comparisons_by_data_type.png, id=852, 1011.78pt x 578.16pt>
File: figures/comparisons_by_data_type.png Graphic file (type png)
<use figures/comparisons_by_data_type.png>
Package pdftex.def Info: figures/comparisons_by_data_type.png  used on input li
ne 26.
(pdftex.def)             Requested size: 350.99762pt x 200.56816pt.


[26
pdfTeX warning (ext4): destination with the same identifier (name{figure.5.1}) 
has been already used, duplicate ignored
<argument> ...shipout:D \box_use:N \l_shipout_box 
                                                  \__shipout_drop_firstpage_...
l.30 
      <./figures/search_time_comparison.png>]
<figures/memory_usage.png, id=859, 867.24pt x 433.62pt>
File: figures/memory_usage.png Graphic file (type png)
<use figures/memory_usage.png>
Package pdftex.def Info: figures/memory_usage.png  used on input line 39.
(pdftex.def)             Requested size: 312.00119pt x 156.00383pt.


[27
pdfTeX warning (ext4): destination with the same identifier (name{figure.5.2}) 
has been already used, duplicate ignored
<argument> ...shipout:D \box_use:N \l_shipout_box 
                                                  \__shipout_drop_firstpage_...
l.45 
     
pdfTeX warning (ext4): destination with the same identifier (name{figure.5.3}) 
has been already used, duplicate ignored
<argument> ...shipout:D \box_use:N \l_shipout_box 
                                                  \__shipout_drop_firstpage_...
l.45 
      <./figures/comparisons_by_data_type.png> <./figures/memory_usage.png>]
<figures/success_rate.png, id=867, 867.24pt x 433.62pt>
File: figures/success_rate.png Graphic file (type png)
<use figures/success_rate.png>
Package pdftex.def Info: figures/success_rate.png  used on input line 52.
(pdftex.def)             Requested size: 312.00119pt x 156.00383pt.
<figures/theoretical_comparison.png, id=869, 722.7pt x 433.62pt>
File: figures/theoretical_comparison.png Graphic file (type png)
<use figures/theoretical_comparison.png>
Package pdftex.def Info: figures/theoretical_comparison.png  used on input line
 65.
(pdftex.def)             Requested size: 312.00119pt x 187.20062pt.


[28
pdfTeX warning (ext4): destination with the same identifier (name{figure.5.4}) 
has been already used, duplicate ignored
<argument> ...shipout:D \box_use:N \l_shipout_box 
                                                  \__shipout_drop_firstpage_...
l.69 
      <./figures/success_rate.png>]
Overfull \hbox (86.49937pt too wide) in paragraph at lines 78--86
 [][] 
 []



[29
pdfTeX warning (ext4): destination with the same identifier (name{figure.5.5}) 
has been already used, duplicate ignored
<argument> ...shipout:D \box_use:N \l_shipout_box 
                                                  \__shipout_drop_firstpage_...
l.97     \item B
                inary Search average time: 0.00000033 seconds
pdfTeX warning (ext4): destination with the same identifier (name{table.5.1}) h
as been already used, duplicate ignored
<argument> ...shipout:D \box_use:N \l_shipout_box 
                                                  \__shipout_drop_firstpage_...
l.97     \item B
                inary Search average time: 0.00000033 seconds <./figures/theore
tical_comparison.png>]

[30])

[31]
\openout2 = `chapters/discussion.aux'.

 (chapters/discussion.tex
Chapter 6.

Overfull \hbox (4.14209pt too wide) in paragraph at lines 10--11
[][]\OT1/cmr/m/n/12 (\OML/cmm/m/it/12 n\OT1/cmr/m/n/12 )$ across all dataset si
zes. For Jump Search, com-par-isons closely matched
 []



[32




]

[33]

[34])
Overfull \hbox (13.86525pt too wide) in paragraph at lines 74--110
[]\OT1/cmr/m/n/12 As data vol-umes con-tinue to grow across di-verse ap-pli-ca-
tions, from databases
 []



[35]
\openout2 = `chapters/future_directions.aux'.

 (chapters/future_directions.tex
Chapter 7.


[36




]

[37]

[38])

[39]
\openout2 = `chapters/conclusion.aux'.

 (chapters/conclusion.tex
Chapter 8.


[40




]

[41])

[42]
Appendix A.


[43



]
Appendix B.

Overfull \hbox (20.73978pt too wide) in paragraph at lines 123--123
|[]\OT1/cmr/bx/n/17.28 Complete Im-ple-men-ta-tion of Bi-nary Search| 
 []


Overfull \hbox (10.90977pt too wide) in paragraph at lines 126--126
|[]\OT1/cmr/bx/n/17.28 Complete Im-ple-men-ta-tion of Jump Search| 
 []



[44

]
runsystem(latexminted cleantemp  --timestamp 20250508003709 FAD58DE7366495DB465
0CFEFAC2FCD61)...disabled (restricted).

 (main.aux (chapters/abstract.aux) (chapters/introduction.aux)
(chapters/methodology.aux) (chapters/design.aux) (chapters/implementation.aux)
(chapters/results.aux) (chapters/discussion.aux)
(chapters/future_directions.aux) (chapters/conclusion.aux))
 ***********
LaTeX2e <2024-11-01> patch level 2
L3 programming layer <2025-03-26>
 ***********


Package rerunfilecheck Warning: File `main.out' has changed.
(rerunfilecheck)                Rerun to get outlines right
(rerunfilecheck)                or use package `bookmark'.

Package rerunfilecheck Info: Checksums for `main.out':
(rerunfilecheck)             Before: 3B252390233199ECFF2077327386BEF8;15804
(rerunfilecheck)             After:  4E358D332C4CF411A82053A2AFF49D32;15884.
 ) 
Here is how much of TeX's memory you used:
 19621 strings out of 469960
 362616 string characters out of 5474711
 1391705 words of memory out of 5000000
 45697 multiletter control sequences out of 15000+600000
 635385 words of font info for 72 fonts, out of 8000000 for 9000
 1141 hyphenation exceptions out of 8191
 75i,12n,79p,463b,2178s stack positions out of 10000i,1000n,20000p,200000b,200000s
 </home/rishi/.miktex/texmfs/data/fonts/pk/ljfour/jknappen/ec/dpi600/tcrm1200
.pk></home/rishi/.miktex/texmfs/install/fonts/type1/public/amsfonts/cm/cmbx12.p
fb></home/rishi/.miktex/texmfs/install/fonts/type1/public/amsfonts/cm/cmcsc10.p
fb></home/rishi/.miktex/texmfs/install/fonts/type1/public/amsfonts/cm/cmitt10.p
fb></home/rishi/.miktex/texmfs/install/fonts/type1/public/amsfonts/cm/cmmi12.pf
b></home/rishi/.miktex/texmfs/install/fonts/type1/public/amsfonts/cm/cmr12.pfb>
</home/rishi/.miktex/texmfs/install/fonts/type1/public/amsfonts/cm/cmr6.pfb></h
ome/rishi/.miktex/texmfs/install/fonts/type1/public/amsfonts/cm/cmr8.pfb></home
/rishi/.miktex/texmfs/install/fonts/type1/public/amsfonts/cm/cmsy10.pfb></home/
rishi/.miktex/texmfs/install/fonts/type1/public/amsfonts/cm/cmti12.pfb></home/r
ishi/.miktex/texmfs/install/fonts/type1/public/amsfonts/cm/cmtt10.pfb></home/ri
shi/.miktex/texmfs/install/fonts/type1/public/amsfonts/cm/cmtt12.pfb>
Output written on main.pdf (45 pages, 1298074 bytes).
PDF statistics:
 1095 PDF objects out of 1200 (max. 8388607)
 398 named destinations out of 1000 (max. 500000)
 778 words of extra memory for PDF output out of 10000 (max. 10000000)

